------------------------------------------------------------
Timing Analyzer Summary
------------------------------------------------------------

Type  : Slow 1100mV 85C Model Setup 'alu_pin_1[1]'
Slack : -2.940
TNS   : -2.940

Type  : Slow 1100mV 85C Model Hold 'alu_pin_1[1]'
Slack : 1.186
TNS   : 0.000

Type  : Slow 1100mV 85C Model Minimum Pulse Width 'mem_reg_pin_1'
Slack : -3.166
TNS   : -178.849

Type  : Slow 1100mV 85C Model Minimum Pulse Width 'alu_pin_1[1]'
Slack : 0.374
TNS   : 0.000

Type  : Slow 1100mV 0C Model Setup 'alu_pin_1[1]'
Slack : -2.869
TNS   : -2.869

Type  : Slow 1100mV 0C Model Hold 'alu_pin_1[1]'
Slack : 0.999
TNS   : 0.000

Type  : Slow 1100mV 0C Model Minimum Pulse Width 'mem_reg_pin_1'
Slack : -3.166
TNS   : -178.849

Type  : Slow 1100mV 0C Model Minimum Pulse Width 'alu_pin_1[1]'
Slack : 0.351
TNS   : 0.000

Type  : Fast 1100mV 85C Model Setup 'alu_pin_1[1]'
Slack : -1.714
TNS   : -1.714

Type  : Fast 1100mV 85C Model Hold 'alu_pin_1[1]'
Slack : 0.628
TNS   : 0.000

Type  : Fast 1100mV 85C Model Minimum Pulse Width 'mem_reg_pin_1'
Slack : -2.636
TNS   : -145.547

Type  : Fast 1100mV 85C Model Minimum Pulse Width 'alu_pin_1[1]'
Slack : 0.031
TNS   : 0.000

Type  : Fast 1100mV 0C Model Setup 'alu_pin_1[1]'
Slack : -1.543
TNS   : -1.543

Type  : Fast 1100mV 0C Model Hold 'alu_pin_1[1]'
Slack : 0.489
TNS   : 0.000

Type  : Fast 1100mV 0C Model Minimum Pulse Width 'mem_reg_pin_1'
Slack : -2.636
TNS   : -145.628

Type  : Fast 1100mV 0C Model Minimum Pulse Width 'alu_pin_1[1]'
Slack : 0.034
TNS   : 0.000

------------------------------------------------------------
