Analysis & Synthesis report for RiscV_Processor
Wed Apr 28 23:57:12 2021
Quartus Prime Version 20.1.1 Build 720 11/11/2020 SJ Lite Edition


---------------------
; Table of Contents ;
---------------------
  1. Legal Notice
  2. Analysis & Synthesis Summary
  3. Analysis & Synthesis Settings
  4. Parallel Compilation
  5. Analysis & Synthesis Source Files Read
  6. Analysis & Synthesis Resource Usage Summary
  7. Analysis & Synthesis Resource Utilization by Entity
  8. General Register Statistics
  9. Multiplexer Restructuring Statistics (Restructuring Performed)
 10. Port Connectivity Checks: "genImm32_vhd:inst1|mux8_32bits_vhd:b2v_inst"
 11. Post-Synthesis Netlist Statistics for Top Partition
 12. Elapsed Time Per Partition
 13. Analysis & Synthesis Messages



----------------
; Legal Notice ;
----------------
Copyright (C) 2020  Intel Corporation. All rights reserved.
Your use of Intel Corporation's design tools, logic functions 
and other software and tools, and any partner logic 
functions, and any output files from any of the foregoing 
(including device programming or simulation files), and any 
associated documentation or information are expressly subject 
to the terms and conditions of the Intel Program License 
Subscription Agreement, the Intel Quartus Prime License Agreement,
the Intel FPGA IP License Agreement, or other applicable license
agreement, including, without limitation, that your use is for
the sole purpose of programming logic devices manufactured by
Intel and sold by Intel or its authorized distributors.  Please
refer to the applicable agreement for further details, at
https://fpgasoftware.intel.com/eula.



+-------------------------------------------------------------------------------+
; Analysis & Synthesis Summary                                                  ;
+---------------------------------+---------------------------------------------+
; Analysis & Synthesis Status     ; Successful - Wed Apr 28 23:57:12 2021       ;
; Quartus Prime Version           ; 20.1.1 Build 720 11/11/2020 SJ Lite Edition ;
; Revision Name                   ; RiscV_Processor                             ;
; Top-level Entity Name           ; RiscV_Processor                             ;
; Family                          ; Cyclone V                                   ;
; Logic utilization (in ALMs)     ; N/A                                         ;
; Total registers                 ; 0                                           ;
; Total pins                      ; 64                                          ;
; Total virtual pins              ; 0                                           ;
; Total block memory bits         ; 0                                           ;
; Total DSP Blocks                ; 0                                           ;
; Total HSSI RX PCSs              ; 0                                           ;
; Total HSSI PMA RX Deserializers ; 0                                           ;
; Total HSSI TX PCSs              ; 0                                           ;
; Total HSSI PMA TX Serializers   ; 0                                           ;
; Total PLLs                      ; 0                                           ;
; Total DLLs                      ; 0                                           ;
+---------------------------------+---------------------------------------------+


+---------------------------------------------------------------------------------------------------------------------------+
; Analysis & Synthesis Settings                                                                                             ;
+---------------------------------------------------------------------------------+--------------------+--------------------+
; Option                                                                          ; Setting            ; Default Value      ;
+---------------------------------------------------------------------------------+--------------------+--------------------+
; Device                                                                          ; 5CGXFC7C7F23C8     ;                    ;
; Top-level entity name                                                           ; RiscV_Processor    ; RiscV_Processor    ;
; Family name                                                                     ; Cyclone V          ; Cyclone V          ;
; Maximum processors allowed for parallel compilation                             ; All                ;                    ;
; Use smart compilation                                                           ; Off                ; Off                ;
; Enable parallel Assembler and Timing Analyzer during compilation                ; On                 ; On                 ;
; Enable compact report table                                                     ; Off                ; Off                ;
; Restructure Multiplexers                                                        ; Auto               ; Auto               ;
; MLAB Add Timing Constraints For Mixed-Port Feed-Through Mode Setting Don't Care ; Off                ; Off                ;
; Create Debugging Nodes for IP Cores                                             ; Off                ; Off                ;
; Preserve fewer node names                                                       ; On                 ; On                 ;
; Intel FPGA IP Evaluation Mode                                                   ; Enable             ; Enable             ;
; Verilog Version                                                                 ; Verilog_2001       ; Verilog_2001       ;
; VHDL Version                                                                    ; VHDL_1993          ; VHDL_1993          ;
; State Machine Processing                                                        ; Auto               ; Auto               ;
; Safe State Machine                                                              ; Off                ; Off                ;
; Extract Verilog State Machines                                                  ; On                 ; On                 ;
; Extract VHDL State Machines                                                     ; On                 ; On                 ;
; Ignore Verilog initial constructs                                               ; Off                ; Off                ;
; Iteration limit for constant Verilog loops                                      ; 5000               ; 5000               ;
; Iteration limit for non-constant Verilog loops                                  ; 250                ; 250                ;
; Add Pass-Through Logic to Inferred RAMs                                         ; On                 ; On                 ;
; Infer RAMs from Raw Logic                                                       ; On                 ; On                 ;
; Parallel Synthesis                                                              ; On                 ; On                 ;
; DSP Block Balancing                                                             ; Auto               ; Auto               ;
; NOT Gate Push-Back                                                              ; On                 ; On                 ;
; Power-Up Don't Care                                                             ; On                 ; On                 ;
; Remove Redundant Logic Cells                                                    ; Off                ; Off                ;
; Remove Duplicate Registers                                                      ; On                 ; On                 ;
; Ignore CARRY Buffers                                                            ; Off                ; Off                ;
; Ignore CASCADE Buffers                                                          ; Off                ; Off                ;
; Ignore GLOBAL Buffers                                                           ; Off                ; Off                ;
; Ignore ROW GLOBAL Buffers                                                       ; Off                ; Off                ;
; Ignore LCELL Buffers                                                            ; Off                ; Off                ;
; Ignore SOFT Buffers                                                             ; On                 ; On                 ;
; Limit AHDL Integers to 32 Bits                                                  ; Off                ; Off                ;
; Optimization Technique                                                          ; Balanced           ; Balanced           ;
; Carry Chain Length                                                              ; 70                 ; 70                 ;
; Auto Carry Chains                                                               ; On                 ; On                 ;
; Auto Open-Drain Pins                                                            ; On                 ; On                 ;
; Perform WYSIWYG Primitive Resynthesis                                           ; Off                ; Off                ;
; Auto ROM Replacement                                                            ; On                 ; On                 ;
; Auto RAM Replacement                                                            ; On                 ; On                 ;
; Auto DSP Block Replacement                                                      ; On                 ; On                 ;
; Auto Shift Register Replacement                                                 ; Auto               ; Auto               ;
; Allow Shift Register Merging across Hierarchies                                 ; Auto               ; Auto               ;
; Auto Clock Enable Replacement                                                   ; On                 ; On                 ;
; Strict RAM Replacement                                                          ; Off                ; Off                ;
; Allow Synchronous Control Signals                                               ; On                 ; On                 ;
; Force Use of Synchronous Clear Signals                                          ; Off                ; Off                ;
; Auto Resource Sharing                                                           ; Off                ; Off                ;
; Allow Any RAM Size For Recognition                                              ; Off                ; Off                ;
; Allow Any ROM Size For Recognition                                              ; Off                ; Off                ;
; Allow Any Shift Register Size For Recognition                                   ; Off                ; Off                ;
; Use LogicLock Constraints during Resource Balancing                             ; On                 ; On                 ;
; Ignore translate_off and synthesis_off directives                               ; Off                ; Off                ;
; Timing-Driven Synthesis                                                         ; On                 ; On                 ;
; Report Parameter Settings                                                       ; On                 ; On                 ;
; Report Source Assignments                                                       ; On                 ; On                 ;
; Report Connectivity Checks                                                      ; On                 ; On                 ;
; Ignore Maximum Fan-Out Assignments                                              ; Off                ; Off                ;
; Synchronization Register Chain Length                                           ; 3                  ; 3                  ;
; Power Optimization During Synthesis                                             ; Normal compilation ; Normal compilation ;
; HDL message level                                                               ; Level2             ; Level2             ;
; Suppress Register Optimization Related Messages                                 ; Off                ; Off                ;
; Number of Removed Registers Reported in Synthesis Report                        ; 5000               ; 5000               ;
; Number of Swept Nodes Reported in Synthesis Report                              ; 5000               ; 5000               ;
; Number of Inverted Registers Reported in Synthesis Report                       ; 100                ; 100                ;
; Clock MUX Protection                                                            ; On                 ; On                 ;
; Auto Gated Clock Conversion                                                     ; Off                ; Off                ;
; Block Design Naming                                                             ; Auto               ; Auto               ;
; SDC constraint protection                                                       ; Off                ; Off                ;
; Synthesis Effort                                                                ; Auto               ; Auto               ;
; Shift Register Replacement - Allow Asynchronous Clear Signal                    ; On                 ; On                 ;
; Pre-Mapping Resynthesis Optimization                                            ; Off                ; Off                ;
; Analysis & Synthesis Message Level                                              ; Medium             ; Medium             ;
; Disable Register Merging Across Hierarchies                                     ; Auto               ; Auto               ;
; Resource Aware Inference For Block RAM                                          ; On                 ; On                 ;
; Automatic Parallel Synthesis                                                    ; On                 ; On                 ;
; Partial Reconfiguration Bitstream ID                                            ; Off                ; Off                ;
+---------------------------------------------------------------------------------+--------------------+--------------------+


+------------------------------------------+
; Parallel Compilation                     ;
+----------------------------+-------------+
; Processors                 ; Number      ;
+----------------------------+-------------+
; Number detected on machine ; 8           ;
; Maximum allowed            ; 4           ;
;                            ;             ;
; Average used               ; 1.00        ;
; Maximum used               ; 1           ;
;                            ;             ;
; Usage by Processor         ; % Time Used ;
;     Processor 1            ; 100.0%      ;
+----------------------------+-------------+


+------------------------------------------------------------------------------------------------------------------------------------------------------------------------------------------------------+
; Analysis & Synthesis Source Files Read                                                                                                                                                               ;
+----------------------------------+-----------------+------------------------------------+--------------------------------------------------------------------------------------------------+---------+
; File Name with User-Entered Path ; Used in Netlist ; File Type                          ; File Name with Absolute Path                                                                     ; Library ;
+----------------------------------+-----------------+------------------------------------+--------------------------------------------------------------------------------------------------+---------+
; RiscV_Processor.bdf              ; yes             ; User Block Diagram/Schematic File  ; C:/Users/Pedro Nogueira/Documents/projects/quartus/OAC-RiscV/RiscV_Processor/RiscV_Processor.bdf ;         ;
; mux8_32bits.vhd                  ; yes             ; User VHDL File                     ; C:/Users/Pedro Nogueira/Documents/projects/quartus/OAC-RiscV/RiscV_Processor/mux8_32bits.vhd     ;         ;
; mux4_32bits.vhd                  ; yes             ; User VHDL File                     ; C:/Users/Pedro Nogueira/Documents/projects/quartus/OAC-RiscV/RiscV_Processor/mux4_32bits.vhd     ;         ;
; mux2_32bits.vhd                  ; yes             ; User VHDL File                     ; C:/Users/Pedro Nogueira/Documents/projects/quartus/OAC-RiscV/RiscV_Processor/mux2_32bits.vhd     ;         ;
; mux2_1bit.vhd                    ; yes             ; User VHDL File                     ; C:/Users/Pedro Nogueira/Documents/projects/quartus/OAC-RiscV/RiscV_Processor/mux2_1bit.vhd       ;         ;
; genImm32.vhd                     ; yes             ; User VHDL File                     ; C:/Users/Pedro Nogueira/Documents/projects/quartus/OAC-RiscV/RiscV_Processor/genImm32.vhd        ;         ;
+----------------------------------+-----------------+------------------------------------+--------------------------------------------------------------------------------------------------+---------+


+------------------------------------------------------------------+
; Analysis & Synthesis Resource Usage Summary                      ;
+---------------------------------------------+--------------------+
; Resource                                    ; Usage              ;
+---------------------------------------------+--------------------+
; Estimate of Logic utilization (ALMs needed) ; 22                 ;
;                                             ;                    ;
; Combinational ALUT usage for logic          ; 35                 ;
;     -- 7 input functions                    ; 0                  ;
;     -- 6 input functions                    ; 8                  ;
;     -- 5 input functions                    ; 13                 ;
;     -- 4 input functions                    ; 3                  ;
;     -- <=3 input functions                  ; 11                 ;
;                                             ;                    ;
; Dedicated logic registers                   ; 0                  ;
;                                             ;                    ;
; I/O pins                                    ; 64                 ;
;                                             ;                    ;
; Total DSP Blocks                            ; 0                  ;
;                                             ;                    ;
; Maximum fan-out node                        ; pin_name1[3]~input ;
; Maximum fan-out                             ; 22                 ;
; Total fan-out                               ; 254                ;
; Average fan-out                             ; 1.56               ;
+---------------------------------------------+--------------------+


+---------------------------------------------------------------------------------------------------------------------------------------------------------------------------------------------------------------------------------------------------------------------------------------------------+
; Analysis & Synthesis Resource Utilization by Entity                                                                                                                                                                                                                                               ;
+----------------------------------------+---------------------+---------------------------+-------------------+------------+------+--------------+----------------------------------------------------------------------------------------------------------------+-----------------+--------------+
; Compilation Hierarchy Node             ; Combinational ALUTs ; Dedicated Logic Registers ; Block Memory Bits ; DSP Blocks ; Pins ; Virtual Pins ; Full Hierarchy Name                                                                                            ; Entity Name     ; Library Name ;
+----------------------------------------+---------------------+---------------------------+-------------------+------------+------+--------------+----------------------------------------------------------------------------------------------------------------+-----------------+--------------+
; |RiscV_Processor                       ; 35 (0)              ; 0 (0)                     ; 0                 ; 0          ; 64   ; 0            ; |RiscV_Processor                                                                                               ; RiscV_Processor ; work         ;
;    |genImm32_vhd:inst1|                ; 35 (2)              ; 0 (0)                     ; 0                 ; 0          ; 0    ; 0            ; |RiscV_Processor|genImm32_vhd:inst1                                                                            ; genImm32_vhd    ; work         ;
;       |mux8_32bits_vhd:b2v_inst|       ; 33 (0)              ; 0 (0)                     ; 0                 ; 0          ; 0    ; 0            ; |RiscV_Processor|genImm32_vhd:inst1|mux8_32bits_vhd:b2v_inst                                                   ; mux8_32bits_vhd ; work         ;
;          |mux2_32bits_vhd:b2v_inst|    ; 33 (0)              ; 0 (0)                     ; 0                 ; 0          ; 0    ; 0            ; |RiscV_Processor|genImm32_vhd:inst1|mux8_32bits_vhd:b2v_inst|mux2_32bits_vhd:b2v_inst                          ; mux2_32bits_vhd ; work         ;
;             |mux2_1bit_vhd:b2v_inst10| ; 1 (1)               ; 0 (0)                     ; 0                 ; 0          ; 0    ; 0            ; |RiscV_Processor|genImm32_vhd:inst1|mux8_32bits_vhd:b2v_inst|mux2_32bits_vhd:b2v_inst|mux2_1bit_vhd:b2v_inst10 ; mux2_1bit_vhd   ; work         ;
;             |mux2_1bit_vhd:b2v_inst11| ; 1 (1)               ; 0 (0)                     ; 0                 ; 0          ; 0    ; 0            ; |RiscV_Processor|genImm32_vhd:inst1|mux8_32bits_vhd:b2v_inst|mux2_32bits_vhd:b2v_inst|mux2_1bit_vhd:b2v_inst11 ; mux2_1bit_vhd   ; work         ;
;             |mux2_1bit_vhd:b2v_inst12| ; 1 (1)               ; 0 (0)                     ; 0                 ; 0          ; 0    ; 0            ; |RiscV_Processor|genImm32_vhd:inst1|mux8_32bits_vhd:b2v_inst|mux2_32bits_vhd:b2v_inst|mux2_1bit_vhd:b2v_inst12 ; mux2_1bit_vhd   ; work         ;
;             |mux2_1bit_vhd:b2v_inst13| ; 1 (1)               ; 0 (0)                     ; 0                 ; 0          ; 0    ; 0            ; |RiscV_Processor|genImm32_vhd:inst1|mux8_32bits_vhd:b2v_inst|mux2_32bits_vhd:b2v_inst|mux2_1bit_vhd:b2v_inst13 ; mux2_1bit_vhd   ; work         ;
;             |mux2_1bit_vhd:b2v_inst14| ; 1 (1)               ; 0 (0)                     ; 0                 ; 0          ; 0    ; 0            ; |RiscV_Processor|genImm32_vhd:inst1|mux8_32bits_vhd:b2v_inst|mux2_32bits_vhd:b2v_inst|mux2_1bit_vhd:b2v_inst14 ; mux2_1bit_vhd   ; work         ;
;             |mux2_1bit_vhd:b2v_inst15| ; 1 (1)               ; 0 (0)                     ; 0                 ; 0          ; 0    ; 0            ; |RiscV_Processor|genImm32_vhd:inst1|mux8_32bits_vhd:b2v_inst|mux2_32bits_vhd:b2v_inst|mux2_1bit_vhd:b2v_inst15 ; mux2_1bit_vhd   ; work         ;
;             |mux2_1bit_vhd:b2v_inst16| ; 1 (1)               ; 0 (0)                     ; 0                 ; 0          ; 0    ; 0            ; |RiscV_Processor|genImm32_vhd:inst1|mux8_32bits_vhd:b2v_inst|mux2_32bits_vhd:b2v_inst|mux2_1bit_vhd:b2v_inst16 ; mux2_1bit_vhd   ; work         ;
;             |mux2_1bit_vhd:b2v_inst17| ; 1 (1)               ; 0 (0)                     ; 0                 ; 0          ; 0    ; 0            ; |RiscV_Processor|genImm32_vhd:inst1|mux8_32bits_vhd:b2v_inst|mux2_32bits_vhd:b2v_inst|mux2_1bit_vhd:b2v_inst17 ; mux2_1bit_vhd   ; work         ;
;             |mux2_1bit_vhd:b2v_inst18| ; 1 (1)               ; 0 (0)                     ; 0                 ; 0          ; 0    ; 0            ; |RiscV_Processor|genImm32_vhd:inst1|mux8_32bits_vhd:b2v_inst|mux2_32bits_vhd:b2v_inst|mux2_1bit_vhd:b2v_inst18 ; mux2_1bit_vhd   ; work         ;
;             |mux2_1bit_vhd:b2v_inst19| ; 1 (1)               ; 0 (0)                     ; 0                 ; 0          ; 0    ; 0            ; |RiscV_Processor|genImm32_vhd:inst1|mux8_32bits_vhd:b2v_inst|mux2_32bits_vhd:b2v_inst|mux2_1bit_vhd:b2v_inst19 ; mux2_1bit_vhd   ; work         ;
;             |mux2_1bit_vhd:b2v_inst1|  ; 1 (1)               ; 0 (0)                     ; 0                 ; 0          ; 0    ; 0            ; |RiscV_Processor|genImm32_vhd:inst1|mux8_32bits_vhd:b2v_inst|mux2_32bits_vhd:b2v_inst|mux2_1bit_vhd:b2v_inst1  ; mux2_1bit_vhd   ; work         ;
;             |mux2_1bit_vhd:b2v_inst20| ; 1 (1)               ; 0 (0)                     ; 0                 ; 0          ; 0    ; 0            ; |RiscV_Processor|genImm32_vhd:inst1|mux8_32bits_vhd:b2v_inst|mux2_32bits_vhd:b2v_inst|mux2_1bit_vhd:b2v_inst20 ; mux2_1bit_vhd   ; work         ;
;             |mux2_1bit_vhd:b2v_inst21| ; 1 (1)               ; 0 (0)                     ; 0                 ; 0          ; 0    ; 0            ; |RiscV_Processor|genImm32_vhd:inst1|mux8_32bits_vhd:b2v_inst|mux2_32bits_vhd:b2v_inst|mux2_1bit_vhd:b2v_inst21 ; mux2_1bit_vhd   ; work         ;
;             |mux2_1bit_vhd:b2v_inst22| ; 1 (1)               ; 0 (0)                     ; 0                 ; 0          ; 0    ; 0            ; |RiscV_Processor|genImm32_vhd:inst1|mux8_32bits_vhd:b2v_inst|mux2_32bits_vhd:b2v_inst|mux2_1bit_vhd:b2v_inst22 ; mux2_1bit_vhd   ; work         ;
;             |mux2_1bit_vhd:b2v_inst23| ; 1 (1)               ; 0 (0)                     ; 0                 ; 0          ; 0    ; 0            ; |RiscV_Processor|genImm32_vhd:inst1|mux8_32bits_vhd:b2v_inst|mux2_32bits_vhd:b2v_inst|mux2_1bit_vhd:b2v_inst23 ; mux2_1bit_vhd   ; work         ;
;             |mux2_1bit_vhd:b2v_inst24| ; 1 (1)               ; 0 (0)                     ; 0                 ; 0          ; 0    ; 0            ; |RiscV_Processor|genImm32_vhd:inst1|mux8_32bits_vhd:b2v_inst|mux2_32bits_vhd:b2v_inst|mux2_1bit_vhd:b2v_inst24 ; mux2_1bit_vhd   ; work         ;
;             |mux2_1bit_vhd:b2v_inst25| ; 1 (1)               ; 0 (0)                     ; 0                 ; 0          ; 0    ; 0            ; |RiscV_Processor|genImm32_vhd:inst1|mux8_32bits_vhd:b2v_inst|mux2_32bits_vhd:b2v_inst|mux2_1bit_vhd:b2v_inst25 ; mux2_1bit_vhd   ; work         ;
;             |mux2_1bit_vhd:b2v_inst26| ; 1 (1)               ; 0 (0)                     ; 0                 ; 0          ; 0    ; 0            ; |RiscV_Processor|genImm32_vhd:inst1|mux8_32bits_vhd:b2v_inst|mux2_32bits_vhd:b2v_inst|mux2_1bit_vhd:b2v_inst26 ; mux2_1bit_vhd   ; work         ;
;             |mux2_1bit_vhd:b2v_inst27| ; 1 (1)               ; 0 (0)                     ; 0                 ; 0          ; 0    ; 0            ; |RiscV_Processor|genImm32_vhd:inst1|mux8_32bits_vhd:b2v_inst|mux2_32bits_vhd:b2v_inst|mux2_1bit_vhd:b2v_inst27 ; mux2_1bit_vhd   ; work         ;
;             |mux2_1bit_vhd:b2v_inst28| ; 1 (1)               ; 0 (0)                     ; 0                 ; 0          ; 0    ; 0            ; |RiscV_Processor|genImm32_vhd:inst1|mux8_32bits_vhd:b2v_inst|mux2_32bits_vhd:b2v_inst|mux2_1bit_vhd:b2v_inst28 ; mux2_1bit_vhd   ; work         ;
;             |mux2_1bit_vhd:b2v_inst29| ; 2 (2)               ; 0 (0)                     ; 0                 ; 0          ; 0    ; 0            ; |RiscV_Processor|genImm32_vhd:inst1|mux8_32bits_vhd:b2v_inst|mux2_32bits_vhd:b2v_inst|mux2_1bit_vhd:b2v_inst29 ; mux2_1bit_vhd   ; work         ;
;             |mux2_1bit_vhd:b2v_inst2|  ; 1 (1)               ; 0 (0)                     ; 0                 ; 0          ; 0    ; 0            ; |RiscV_Processor|genImm32_vhd:inst1|mux8_32bits_vhd:b2v_inst|mux2_32bits_vhd:b2v_inst|mux2_1bit_vhd:b2v_inst2  ; mux2_1bit_vhd   ; work         ;
;             |mux2_1bit_vhd:b2v_inst30| ; 1 (1)               ; 0 (0)                     ; 0                 ; 0          ; 0    ; 0            ; |RiscV_Processor|genImm32_vhd:inst1|mux8_32bits_vhd:b2v_inst|mux2_32bits_vhd:b2v_inst|mux2_1bit_vhd:b2v_inst30 ; mux2_1bit_vhd   ; work         ;
;             |mux2_1bit_vhd:b2v_inst3|  ; 1 (1)               ; 0 (0)                     ; 0                 ; 0          ; 0    ; 0            ; |RiscV_Processor|genImm32_vhd:inst1|mux8_32bits_vhd:b2v_inst|mux2_32bits_vhd:b2v_inst|mux2_1bit_vhd:b2v_inst3  ; mux2_1bit_vhd   ; work         ;
;             |mux2_1bit_vhd:b2v_inst4|  ; 1 (1)               ; 0 (0)                     ; 0                 ; 0          ; 0    ; 0            ; |RiscV_Processor|genImm32_vhd:inst1|mux8_32bits_vhd:b2v_inst|mux2_32bits_vhd:b2v_inst|mux2_1bit_vhd:b2v_inst4  ; mux2_1bit_vhd   ; work         ;
;             |mux2_1bit_vhd:b2v_inst5|  ; 1 (1)               ; 0 (0)                     ; 0                 ; 0          ; 0    ; 0            ; |RiscV_Processor|genImm32_vhd:inst1|mux8_32bits_vhd:b2v_inst|mux2_32bits_vhd:b2v_inst|mux2_1bit_vhd:b2v_inst5  ; mux2_1bit_vhd   ; work         ;
;             |mux2_1bit_vhd:b2v_inst69| ; 1 (1)               ; 0 (0)                     ; 0                 ; 0          ; 0    ; 0            ; |RiscV_Processor|genImm32_vhd:inst1|mux8_32bits_vhd:b2v_inst|mux2_32bits_vhd:b2v_inst|mux2_1bit_vhd:b2v_inst69 ; mux2_1bit_vhd   ; work         ;
;             |mux2_1bit_vhd:b2v_inst6|  ; 1 (1)               ; 0 (0)                     ; 0                 ; 0          ; 0    ; 0            ; |RiscV_Processor|genImm32_vhd:inst1|mux8_32bits_vhd:b2v_inst|mux2_32bits_vhd:b2v_inst|mux2_1bit_vhd:b2v_inst6  ; mux2_1bit_vhd   ; work         ;
;             |mux2_1bit_vhd:b2v_inst7|  ; 1 (1)               ; 0 (0)                     ; 0                 ; 0          ; 0    ; 0            ; |RiscV_Processor|genImm32_vhd:inst1|mux8_32bits_vhd:b2v_inst|mux2_32bits_vhd:b2v_inst|mux2_1bit_vhd:b2v_inst7  ; mux2_1bit_vhd   ; work         ;
;             |mux2_1bit_vhd:b2v_inst8|  ; 1 (1)               ; 0 (0)                     ; 0                 ; 0          ; 0    ; 0            ; |RiscV_Processor|genImm32_vhd:inst1|mux8_32bits_vhd:b2v_inst|mux2_32bits_vhd:b2v_inst|mux2_1bit_vhd:b2v_inst8  ; mux2_1bit_vhd   ; work         ;
;             |mux2_1bit_vhd:b2v_inst9|  ; 1 (1)               ; 0 (0)                     ; 0                 ; 0          ; 0    ; 0            ; |RiscV_Processor|genImm32_vhd:inst1|mux8_32bits_vhd:b2v_inst|mux2_32bits_vhd:b2v_inst|mux2_1bit_vhd:b2v_inst9  ; mux2_1bit_vhd   ; work         ;
;             |mux2_1bit_vhd:b2v_inst|   ; 1 (1)               ; 0 (0)                     ; 0                 ; 0          ; 0    ; 0            ; |RiscV_Processor|genImm32_vhd:inst1|mux8_32bits_vhd:b2v_inst|mux2_32bits_vhd:b2v_inst|mux2_1bit_vhd:b2v_inst   ; mux2_1bit_vhd   ; work         ;
+----------------------------------------+---------------------+---------------------------+-------------------+------------+------+--------------+----------------------------------------------------------------------------------------------------------------+-----------------+--------------+
Note: For table entries with two numbers listed, the numbers in parentheses indicate the number of resources of the given type used by the specific entity alone. The numbers listed outside of parentheses indicate the total resources of the given type used by the specific entity and all of its sub-entities in the hierarchy.


+------------------------------------------------------+
; General Register Statistics                          ;
+----------------------------------------------+-------+
; Statistic                                    ; Value ;
+----------------------------------------------+-------+
; Total registers                              ; 0     ;
; Number of registers using Synchronous Clear  ; 0     ;
; Number of registers using Synchronous Load   ; 0     ;
; Number of registers using Asynchronous Clear ; 0     ;
; Number of registers using Asynchronous Load  ; 0     ;
; Number of registers using Clock Enable       ; 0     ;
; Number of registers using Preset             ; 0     ;
+----------------------------------------------+-------+


+-------------------------------------------------------------------------------------------------------------------------------------------------------------------------------------------------------------------------------------+
; Multiplexer Restructuring Statistics (Restructuring Performed)                                                                                                                                                                      ;
+--------------------+-----------+---------------+----------------------+------------------------+------------+-----------------------------------------------------------------------------------------------------------------------+
; Multiplexer Inputs ; Bus Width ; Baseline Area ; Area if Restructured ; Saving if Restructured ; Registered ; Example Multiplexer Output                                                                                            ;
+--------------------+-----------+---------------+----------------------+------------------------+------------+-----------------------------------------------------------------------------------------------------------------------+
; 4:1                ; 8 bits    ; 16 LEs        ; 16 LEs               ; 0 LEs                  ; No         ; |RiscV_Processor|genImm32_vhd:inst1|mux8_32bits_vhd:b2v_inst|mux2_32bits_vhd:b2v_inst|mux2_1bit_vhd:b2v_inst18|Result ;
+--------------------+-----------+---------------+----------------------+------------------------+------------+-----------------------------------------------------------------------------------------------------------------------+


+-------------------------------------------------------------------------+
; Port Connectivity Checks: "genImm32_vhd:inst1|mux8_32bits_vhd:b2v_inst" ;
+----------+-------+----------+-------------------------------------------+
; Port     ; Type  ; Severity ; Details                                   ;
+----------+-------+----------+-------------------------------------------+
; c[0]     ; Input ; Info     ; Stuck at GND                              ;
; d[11..0] ; Input ; Info     ; Stuck at GND                              ;
; e[0]     ; Input ; Info     ; Stuck at GND                              ;
; f        ; Input ; Info     ; Stuck at GND                              ;
; g        ; Input ; Info     ; Stuck at GND                              ;
; h        ; Input ; Info     ; Stuck at GND                              ;
+----------+-------+----------+-------------------------------------------+


+-----------------------------------------------------+
; Post-Synthesis Netlist Statistics for Top Partition ;
+-----------------------+-----------------------------+
; Type                  ; Count                       ;
+-----------------------+-----------------------------+
; arriav_lcell_comb     ; 35                          ;
;     normal            ; 35                          ;
;         3 data inputs ; 11                          ;
;         4 data inputs ; 3                           ;
;         5 data inputs ; 13                          ;
;         6 data inputs ; 8                           ;
; boundary_port         ; 64                          ;
;                       ;                             ;
; Max LUT depth         ; 2.00                        ;
; Average LUT depth     ; 1.54                        ;
+-----------------------+-----------------------------+


+-------------------------------+
; Elapsed Time Per Partition    ;
+----------------+--------------+
; Partition Name ; Elapsed Time ;
+----------------+--------------+
; Top            ; 00:00:00     ;
+----------------+--------------+


+-------------------------------+
; Analysis & Synthesis Messages ;
+-------------------------------+
Info: *******************************************************************
Info: Running Quartus Prime Analysis & Synthesis
    Info: Version 20.1.1 Build 720 11/11/2020 SJ Lite Edition
    Info: Processing started: Wed Apr 28 23:57:02 2021
Info: Command: quartus_map --read_settings_files=on --write_settings_files=off RiscV_Processor -c RiscV_Processor
Info (20030): Parallel compilation is enabled and will use 4 of the 4 processors detected
Info (12021): Found 1 design units, including 1 entities, in source file riscv_processor.bdf
    Info (12023): Found entity 1: RiscV_Processor
Info (12021): Found 2 design units, including 1 entities, in source file riscv_processor.vhd
    Info (12022): Found design unit 1: RiscV_Processor_vhd-bdf_type File: C:/Users/Pedro Nogueira/Documents/projects/quartus/OAC-RiscV/RiscV_Processor/RiscV_Processor.vhd Line: 33
    Info (12023): Found entity 1: RiscV_Processor_vhd File: C:/Users/Pedro Nogueira/Documents/projects/quartus/OAC-RiscV/RiscV_Processor/RiscV_Processor.vhd Line: 25
Info (12021): Found 2 design units, including 1 entities, in source file or_32bit.vhd
    Info (12022): Found design unit 1: or_32bit_vhd-bdf_type File: C:/Users/Pedro Nogueira/Documents/projects/quartus/OAC-RiscV/RiscV_Processor/or_32bit.vhd Line: 44
    Info (12023): Found entity 1: or_32bit_vhd File: C:/Users/Pedro Nogueira/Documents/projects/quartus/OAC-RiscV/RiscV_Processor/or_32bit.vhd Line: 6
Info (12021): Found 2 design units, including 1 entities, in source file mux8_32bits.vhd
    Info (12022): Found design unit 1: mux8_32bits_vhd-bdf_type File: C:/Users/Pedro Nogueira/Documents/projects/quartus/OAC-RiscV/RiscV_Processor/mux8_32bits.vhd Line: 21
    Info (12023): Found entity 1: mux8_32bits_vhd File: C:/Users/Pedro Nogueira/Documents/projects/quartus/OAC-RiscV/RiscV_Processor/mux8_32bits.vhd Line: 6
Info (12021): Found 2 design units, including 1 entities, in source file mux4_32bits.vhd
    Info (12022): Found design unit 1: mux4_32bits_vhd-bdf_type File: C:/Users/Pedro Nogueira/Documents/projects/quartus/OAC-RiscV/RiscV_Processor/mux4_32bits.vhd Line: 17
    Info (12023): Found entity 1: mux4_32bits_vhd File: C:/Users/Pedro Nogueira/Documents/projects/quartus/OAC-RiscV/RiscV_Processor/mux4_32bits.vhd Line: 6
Info (12021): Found 2 design units, including 1 entities, in source file mux4_1bit.vhd
    Info (12022): Found design unit 1: mux4_1bit_vhd-bdf_type File: C:/Users/Pedro Nogueira/Documents/projects/quartus/OAC-RiscV/RiscV_Processor/mux4_1bit.vhd Line: 17
    Info (12023): Found entity 1: mux4_1bit_vhd File: C:/Users/Pedro Nogueira/Documents/projects/quartus/OAC-RiscV/RiscV_Processor/mux4_1bit.vhd Line: 6
Info (12021): Found 2 design units, including 1 entities, in source file mux2_32bits.vhd
    Info (12022): Found design unit 1: mux2_32bits_vhd-bdf_type File: C:/Users/Pedro Nogueira/Documents/projects/quartus/OAC-RiscV/RiscV_Processor/mux2_32bits.vhd Line: 15
    Info (12023): Found entity 1: mux2_32bits_vhd File: C:/Users/Pedro Nogueira/Documents/projects/quartus/OAC-RiscV/RiscV_Processor/mux2_32bits.vhd Line: 6
Info (12021): Found 2 design units, including 1 entities, in source file mux2_1bit.vhd
    Info (12022): Found design unit 1: mux2_1bit_vhd-bdf_type File: C:/Users/Pedro Nogueira/Documents/projects/quartus/OAC-RiscV/RiscV_Processor/mux2_1bit.vhd Line: 15
    Info (12023): Found entity 1: mux2_1bit_vhd File: C:/Users/Pedro Nogueira/Documents/projects/quartus/OAC-RiscV/RiscV_Processor/mux2_1bit.vhd Line: 6
Info (12021): Found 2 design units, including 1 entities, in source file genimm32.vhd
    Info (12022): Found design unit 1: genImm32_vhd-bdf_type File: C:/Users/Pedro Nogueira/Documents/projects/quartus/OAC-RiscV/RiscV_Processor/genImm32.vhd Line: 13
    Info (12023): Found entity 1: genImm32_vhd File: C:/Users/Pedro Nogueira/Documents/projects/quartus/OAC-RiscV/RiscV_Processor/genImm32.vhd Line: 6
Info (12021): Found 2 design units, including 1 entities, in source file fulladder_1bit.vhd
    Info (12022): Found design unit 1: fulladder_1bit_vhd-bdf_type File: C:/Users/Pedro Nogueira/Documents/projects/quartus/OAC-RiscV/RiscV_Processor/fulladder_1bit.vhd Line: 16
    Info (12023): Found entity 1: fulladder_1bit_vhd File: C:/Users/Pedro Nogueira/Documents/projects/quartus/OAC-RiscV/RiscV_Processor/fulladder_1bit.vhd Line: 6
Info (12127): Elaborating entity "RiscV_Processor" for the top level hierarchy
Info (12128): Elaborating entity "genImm32_vhd" for hierarchy "genImm32_vhd:inst1"
Warning (10540): VHDL Signal Declaration warning at genImm32.vhd(23): used explicit default value for signal "zero_bit" because signal was never assigned a value File: C:/Users/Pedro Nogueira/Documents/projects/quartus/OAC-RiscV/RiscV_Processor/genImm32.vhd Line: 23
Warning (10540): VHDL Signal Declaration warning at genImm32.vhd(24): used explicit default value for signal "zero_bit_twelve" because signal was never assigned a value File: C:/Users/Pedro Nogueira/Documents/projects/quartus/OAC-RiscV/RiscV_Processor/genImm32.vhd Line: 24
Warning (10540): VHDL Signal Declaration warning at genImm32.vhd(25): used explicit default value for signal "zero_bit_thirtytwo" because signal was never assigned a value File: C:/Users/Pedro Nogueira/Documents/projects/quartus/OAC-RiscV/RiscV_Processor/genImm32.vhd Line: 25
Info (12128): Elaborating entity "mux8_32bits_vhd" for hierarchy "genImm32_vhd:inst1|mux8_32bits_vhd:b2v_inst" File: C:/Users/Pedro Nogueira/Documents/projects/quartus/OAC-RiscV/RiscV_Processor/genImm32.vhd Line: 146
Info (12128): Elaborating entity "mux2_32bits_vhd" for hierarchy "genImm32_vhd:inst1|mux8_32bits_vhd:b2v_inst|mux2_32bits_vhd:b2v_inst" File: C:/Users/Pedro Nogueira/Documents/projects/quartus/OAC-RiscV/RiscV_Processor/mux8_32bits.vhd Line: 48
Info (12128): Elaborating entity "mux2_1bit_vhd" for hierarchy "genImm32_vhd:inst1|mux8_32bits_vhd:b2v_inst|mux2_32bits_vhd:b2v_inst|mux2_1bit_vhd:b2v_inst" File: C:/Users/Pedro Nogueira/Documents/projects/quartus/OAC-RiscV/RiscV_Processor/mux2_32bits.vhd Line: 30
Info (12128): Elaborating entity "mux4_32bits_vhd" for hierarchy "genImm32_vhd:inst1|mux8_32bits_vhd:b2v_inst|mux4_32bits_vhd:b2v_inst1" File: C:/Users/Pedro Nogueira/Documents/projects/quartus/OAC-RiscV/RiscV_Processor/mux8_32bits.vhd Line: 55
Info (286030): Timing-Driven Synthesis is running
Info (16010): Generating hard_block partition "hard_block:auto_generated_inst"
    Info (16011): Adding 0 node(s), including 0 DDIO, 0 PLL, 0 transceiver and 0 LCELL
Warning (21074): Design contains 2 input pin(s) that do not drive logic
    Warning (15610): No output dependent on input pin "pin_name1[1]"
    Warning (15610): No output dependent on input pin "pin_name1[0]"
Info (21057): Implemented 99 device resources after synthesis - the final resource count might be different
    Info (21058): Implemented 32 input pins
    Info (21059): Implemented 32 output pins
    Info (21061): Implemented 35 logic cells
Info: Quartus Prime Analysis & Synthesis was successful. 0 errors, 6 warnings
    Info: Peak virtual memory: 4850 megabytes
    Info: Processing ended: Wed Apr 28 23:57:12 2021
    Info: Elapsed time: 00:00:10
    Info: Total CPU time (on all processors): 00:00:20


