Flow report for RiscV_Processor
Fri Apr 30 17:22:15 2021
Quartus Prime Version 20.1.1 Build 720 11/11/2020 SJ Lite Edition


---------------------
; Table of Contents ;
---------------------
  1. Legal Notice
  2. Flow Summary
  3. Flow Settings
  4. Flow Non-Default Global Settings
  5. Flow Elapsed Time
  6. Flow OS Summary
  7. Flow Log
  8. Flow Messages
  9. Flow Suppressed Messages



----------------
; Legal Notice ;
----------------
Copyright (C) 2020  Intel Corporation. All rights reserved.
Your use of Intel Corporation's design tools, logic functions 
and other software and tools, and any partner logic 
functions, and any output files from any of the foregoing 
(including device programming or simulation files), and any 
associated documentation or information are expressly subject 
to the terms and conditions of the Intel Program License 
Subscription Agreement, the Intel Quartus Prime License Agreement,
the Intel FPGA IP License Agreement, or other applicable license
agreement, including, without limitation, that your use is for
the sole purpose of programming logic devices manufactured by
Intel and sold by Intel or its authorized distributors.  Please
refer to the applicable agreement for further details, at
https://fpgasoftware.intel.com/eula.



+-------------------------------------------------------------------------------+
; Flow Summary                                                                  ;
+---------------------------------+---------------------------------------------+
; Flow Status                     ; Successful - Fri Apr 30 17:22:15 2021       ;
; Quartus Prime Version           ; 20.1.1 Build 720 11/11/2020 SJ Lite Edition ;
; Revision Name                   ; RiscV_Processor                             ;
; Top-level Entity Name           ; RiscV_Processor                             ;
; Family                          ; Cyclone V                                   ;
; Device                          ; 5CGXFC7C7F23C8                              ;
; Timing Models                   ; Final                                       ;
; Logic utilization (in ALMs)     ; 276 / 56,480 ( < 1 % )                      ;
; Total registers                 ; 0                                           ;
; Total pins                      ; 101 / 268 ( 38 % )                          ;
; Total virtual pins              ; 0                                           ;
; Total block memory bits         ; 0 / 7,024,640 ( 0 % )                       ;
; Total DSP Blocks                ; 0 / 156 ( 0 % )                             ;
; Total HSSI RX PCSs              ; 0 / 6 ( 0 % )                               ;
; Total HSSI PMA RX Deserializers ; 0 / 6 ( 0 % )                               ;
; Total HSSI TX PCSs              ; 0 / 6 ( 0 % )                               ;
; Total HSSI PMA TX Serializers   ; 0 / 6 ( 0 % )                               ;
; Total PLLs                      ; 0 / 13 ( 0 % )                              ;
; Total DLLs                      ; 0 / 4 ( 0 % )                               ;
+---------------------------------+---------------------------------------------+


+-----------------------------------------+
; Flow Settings                           ;
+-------------------+---------------------+
; Option            ; Setting             ;
+-------------------+---------------------+
; Start date & time ; 04/30/2021 17:21:11 ;
; Main task         ; Compilation         ;
; Revision Name     ; RiscV_Processor     ;
+-------------------+---------------------+


+---------------------------------------------------------------------------------------------------------------------------------------------------+
; Flow Non-Default Global Settings                                                                                                                  ;
+--------------------------------------+------------------------------------------+---------------+-------------+-----------------------------------+
; Assignment Name                      ; Value                                    ; Default Value ; Entity Name ; Section Id                        ;
+--------------------------------------+------------------------------------------+---------------+-------------+-----------------------------------+
; COMPILER_SIGNATURE_ID                ; 91756275014.161981407109404              ; --            ; --          ; --                                ;
; EDA_DESIGN_INSTANCE_NAME             ; NA                                       ; --            ; --          ; testbench_alu                     ;
; EDA_DESIGN_INSTANCE_NAME             ; NA                                       ; --            ; --          ; testbench_genImm                  ;
; EDA_GENERATE_FUNCTIONAL_NETLIST      ; Off                                      ; --            ; --          ; eda_board_design_timing           ;
; EDA_GENERATE_FUNCTIONAL_NETLIST      ; Off                                      ; --            ; --          ; eda_board_design_boundary_scan    ;
; EDA_GENERATE_FUNCTIONAL_NETLIST      ; Off                                      ; --            ; --          ; eda_board_design_signal_integrity ;
; EDA_GENERATE_FUNCTIONAL_NETLIST      ; Off                                      ; --            ; --          ; eda_board_design_symbol           ;
; EDA_NATIVELINK_SIMULATION_TEST_BENCH ; testbench_alu                            ; --            ; --          ; eda_simulation                    ;
; EDA_OUTPUT_DATA_FORMAT               ; Vhdl                                     ; --            ; --          ; eda_simulation                    ;
; EDA_SIMULATION_TOOL                  ; ModelSim-Altera (VHDL)                   ; <None>        ; --          ; --                                ;
; EDA_TEST_BENCH_ENABLE_STATUS         ; TEST_BENCH_MODE                          ; --            ; --          ; eda_simulation                    ;
; EDA_TEST_BENCH_FILE                  ; simulation/modelsim/testbench_alu.vhd    ; --            ; --          ; testbench_alu                     ;
; EDA_TEST_BENCH_FILE                  ; simulation/modelsim/testbench_genImm.vhd ; --            ; --          ; testbench_genImm                  ;
; EDA_TEST_BENCH_MODULE_NAME           ; testbench_alu                            ; --            ; --          ; testbench_alu                     ;
; EDA_TEST_BENCH_MODULE_NAME           ; testbench_genImm                         ; --            ; --          ; testbench_genImm                  ;
; EDA_TEST_BENCH_NAME                  ; testbench_genImm                         ; --            ; --          ; eda_simulation                    ;
; EDA_TEST_BENCH_NAME                  ; testbench_alu                            ; --            ; --          ; eda_simulation                    ;
; EDA_TIME_SCALE                       ; 1 ps                                     ; --            ; --          ; eda_simulation                    ;
; MAX_CORE_JUNCTION_TEMP               ; 85                                       ; --            ; --          ; --                                ;
; MIN_CORE_JUNCTION_TEMP               ; 0                                        ; --            ; --          ; --                                ;
; NUM_PARALLEL_PROCESSORS              ; All                                      ; --            ; --          ; --                                ;
; PARTITION_COLOR                      ; -- (Not supported for targeted family)   ; --            ; --          ; Top                               ;
; PARTITION_FITTER_PRESERVATION_LEVEL  ; -- (Not supported for targeted family)   ; --            ; --          ; Top                               ;
; PARTITION_NETLIST_TYPE               ; -- (Not supported for targeted family)   ; --            ; --          ; Top                               ;
; POWER_BOARD_THERMAL_MODEL            ; None (CONSERVATIVE)                      ; --            ; --          ; --                                ;
; POWER_PRESET_COOLING_SOLUTION        ; 23 MM HEAT SINK WITH 200 LFPM AIRFLOW    ; --            ; --          ; --                                ;
; PROJECT_OUTPUT_DIRECTORY             ; output_files                             ; --            ; --          ; --                                ;
+--------------------------------------+------------------------------------------+---------------+-------------+-----------------------------------+


+--------------------------------------------------------------------------------------------------------------------------+
; Flow Elapsed Time                                                                                                        ;
+----------------------+--------------+-------------------------+---------------------+------------------------------------+
; Module Name          ; Elapsed Time ; Average Processors Used ; Peak Virtual Memory ; Total CPU Time (on all processors) ;
+----------------------+--------------+-------------------------+---------------------+------------------------------------+
; Analysis & Synthesis ; 00:00:09     ; 1.0                     ; 4838 MB             ; 00:00:21                           ;
; Fitter               ; 00:00:35     ; 1.0                     ; 6709 MB             ; 00:01:20                           ;
; Assembler            ; 00:00:08     ; 1.0                     ; 4836 MB             ; 00:00:08                           ;
; Timing Analyzer      ; 00:00:06     ; 1.2                     ; 5197 MB             ; 00:00:07                           ;
; EDA Netlist Writer   ; 00:00:02     ; 1.0                     ; 4726 MB             ; 00:00:01                           ;
; Total                ; 00:01:00     ; --                      ; --                  ; 00:01:57                           ;
+----------------------+--------------+-------------------------+---------------------+------------------------------------+


+------------------------------------------------------------------------------------+
; Flow OS Summary                                                                    ;
+----------------------+------------------+------------+------------+----------------+
; Module Name          ; Machine Hostname ; OS Name    ; OS Version ; Processor type ;
+----------------------+------------------+------------+------------+----------------+
; Analysis & Synthesis ; BJ114            ; Windows 10 ; 10.0       ; x86_64         ;
; Fitter               ; BJ114            ; Windows 10 ; 10.0       ; x86_64         ;
; Assembler            ; BJ114            ; Windows 10 ; 10.0       ; x86_64         ;
; Timing Analyzer      ; BJ114            ; Windows 10 ; 10.0       ; x86_64         ;
; EDA Netlist Writer   ; BJ114            ; Windows 10 ; 10.0       ; x86_64         ;
+----------------------+------------------+------------+------------+----------------+


------------
; Flow Log ;
------------
quartus_map --read_settings_files=on --write_settings_files=off RiscV_Processor -c RiscV_Processor
quartus_fit --read_settings_files=off --write_settings_files=off RiscV_Processor -c RiscV_Processor
quartus_asm --read_settings_files=off --write_settings_files=off RiscV_Processor -c RiscV_Processor
quartus_sta RiscV_Processor -c RiscV_Processor
quartus_eda --read_settings_files=off --write_settings_files=off RiscV_Processor -c RiscV_Processor



